com.prandini.smartwallet.common.rest.controller.ErrorLogController.teste(ErrorLogController.java:36)
java.base/jdk.internal.reflect.DirectMethodHandleAccessor.invoke(DirectMethodHandleAccessor.java:104)
java.base/java.lang.reflect.Method.invoke(Method.java:578)
org.springframework.web.method.support.InvocableHandlerMethod.doInvoke(InvocableHandlerMethod.java:255)
org.springframework.web.method.support.InvocableHandlerMethod.invokeForRequest(InvocableHandlerMethod.java:188)
org.springframework.web.servlet.mvc.method.annotation.ServletInvocableHandlerMethod.invokeAndHandle(ServletInvocableHandlerMethod.java:118)
org.springframework.web.servlet.mvc.method.annotation.RequestMappingHandlerAdapter.invokeHandlerMethod(RequestMappingHandlerAdapter.java:926)
org.springframework.web.servlet.mvc.method.annotation.RequestMappingHandlerAdapter.handleInternal(RequestMappingHandlerAdapter.java:831)
org.springframework.web.servlet.mvc.method.AbstractHandlerMethodAdapter.handle(AbstractHandlerMethodAdapter.java:87)
org.springframework.web.servlet.DispatcherServlet.doDispatch(DispatcherServlet.java:1089)
org.springframework.web.servlet.DispatcherServlet.doService(DispatcherServlet.java:979)
org.springframework.web.servlet.FrameworkServlet.processRequest(FrameworkServlet.java:1014)
org.springframework.web.servlet.FrameworkServlet.doGet(FrameworkServlet.java:903)
jakarta.servlet.http.HttpServlet.service(HttpServlet.java:564)
org.springframework.web.servlet.FrameworkServlet.service(FrameworkServlet.java:885)
jakarta.servlet.http.HttpServlet.service(HttpServlet.java:658)
org.apache.catalina.core.ApplicationFilterChain.internalDoFilter(ApplicationFilterChain.java:195)
org.apache.catalina.core.ApplicationFilterChain.doFilter(ApplicationFilterChain.java:140)
org.apache.tomcat.websocket.server.WsFilter.doFilter(WsFilter.java:51)
org.apache.catalina.core.ApplicationFilterChain.internalDoFilter(ApplicationFilterChain.java:164)
org.apache.catalina.core.ApplicationFilterChain.doFilter(ApplicationFilterChain.java:140)
org.springframework.web.filter.RequestContextFilter.doFilterInternal(RequestContextFilter.java:100)
org.springframework.web.filter.OncePerRequestFilter.doFilter(OncePerRequestFilter.java:116)
org.apache.catalina.core.ApplicationFilterChain.internalDoFilter(ApplicationFilterChain.java:164)
org.apache.catalina.core.ApplicationFilterChain.doFilter(ApplicationFilterChain.java:140)
org.springframework.web.filter.FormContentFilter.doFilterInternal(FormContentFilter.java:93)
org.springframework.web.filter.OncePerRequestFilter.doFilter(OncePerRequestFilter.java:116)
org.apache.catalina.core.ApplicationFilterChain.internalDoFilter(ApplicationFilterChain.java:164)
org.apache.catalina.core.ApplicationFilterChain.doFilter(ApplicationFilterChain.java:140)
org.springframework.web.filter.CharacterEncodingFilter.doFilterInternal(CharacterEncodingFilter.java:201)
org.springframework.web.filter.OncePerRequestFilter.doFilter(OncePerRequestFilter.java:116)
org.apache.catalina.core.ApplicationFilterChain.internalDoFilter(ApplicationFilterChain.java:164)
org.apache.catalina.core.ApplicationFilterChain.doFilter(ApplicationFilterChain.java:140)
org.apache.catalina.core.StandardWrapperValve.invoke(StandardWrapperValve.java:167)
org.apache.catalina.core.StandardContextValve.invoke(StandardContextValve.java:90)
org.apache.catalina.authenticator.AuthenticatorBase.invoke(AuthenticatorBase.java:482)
org.apache.catalina.core.StandardHostValve.invoke(StandardHostValve.java:115)
org.apache.catalina.valves.ErrorReportValve.invoke(ErrorReportValve.java:93)
org.apache.catalina.core.StandardEngineValve.invoke(StandardEngineValve.java:74)
org.apache.catalina.connector.CoyoteAdapter.service(CoyoteAdapter.java:344)
org.apache.coyote.http11.Http11Processor.service(Http11Processor.java:389)
org.apache.coyote.AbstractProcessorLight.process(AbstractProcessorLight.java:63)
org.apache.coyote.AbstractProtocol$ConnectionHandler.process(AbstractProtocol.java:904)
org.apache.tomcat.util.net.NioEndpoint$SocketProcessor.doRun(NioEndpoint.java:1741)
org.apache.tomcat.util.net.SocketProcessorBase.run(SocketProcessorBase.java:52)
org.apache.tomcat.util.threads.ThreadPoolExecutor.runWorker(ThreadPoolExecutor.java:1190)
org.apache.tomcat.util.threads.ThreadPoolExecutor$Worker.run(ThreadPoolExecutor.java:659)
org.apache.tomcat.util.threads.TaskThread$WrappingRunnable.run(TaskThread.java:63)
java.base/java.lang.Thread.run(Thread.java:1623)
